// Jest Snapshot v1, https://goo.gl/fbAQLP

exports[`matches snapshot 1`] = `
<DocumentFragment>
  <button
    data-testid="loginButton"
  >
    Login
  </button>
</DocumentFragment>
`;
