// Jest Snapshot v1, https://goo.gl/fbAQLP

exports[`matches snapshot 1`] = `
<DocumentFragment>
  <h2
    data-testid="loginStatus"
  >
    Login status: Logged out
  </h2>
</DocumentFragment>
`;
