// Jest Snapshot v1, https://goo.gl/fbAQLP

exports[`matches snapshot 1`] = `
<DocumentFragment>
  <button
    data-testid="logoutButton"
  >
    Logout
  </button>
</DocumentFragment>
`;
